> Task :android-stubs:compileJava UP-TO-DATE
> Task :core:checkKotlinGradlePluginConfigurationErrors SKIPPED

> Task :core:compileKotlin
e: No class roots are found in the JDK path: /usr/lib/jvm/java-21-openjdk-21.0.9.0.10-1.tl3.x86_64

> Task :core:compileJava FAILED
/data/workspace/RWX/core/src/main/java/com/corrodinggames/rts/gameFramework/graphics/opengl/DrawCommand.java:45: error: cannot find symbol
                gLMeshBuffer.put(1, 0, this.e.width(), 0.0f, 0.0f, fM2, fL2, null);
                            ^
  symbol:   method put(int,int,int,float,float,float,float,<null>)
  location: variable gLMeshBuffer of type GLMeshBuffer
/data/workspace/RWX/core/src/main/java/com/corrodinggames/rts/gameFramework/graphics/opengl/DrawCommand.java:46: error: cannot find symbol
                gLMeshBuffer.put(0, 1, 0.0f, this.e.height(), 0.0f, fM, fL, null);
                            ^
  symbol:   method put(int,int,float,int,float,float,float,<null>)
  location: variable gLMeshBuffer of type GLMeshBuffer
/data/workspace/RWX/core/src/main/java/com/corrodinggames/rts/gameFramework/graphics/opengl/DrawCommand.java:47: error: cannot find symbol
                gLMeshBuffer.put(1, 1, this.e.width(), this.e.height(), 0.0f, fM2, fL, null);
                            ^
  symbol:   method put(int,int,int,int,float,float,float,<null>)
  location: variable gLMeshBuffer of type GLMeshBuffer
/data/workspace/RWX/core/src/main/java/com/corrodinggames/rts/game/PlayerTeam.java:1518: error: cannot find symbol
                                    textureArr[i5].setPixel(i3, i2, Color.argb(iA2, (iArr2[i5] * iC) >> 8, (iArr3[i5] * iC) >> 8, (iArr4[i5] * iC) >> 8));
                                                  ^
  symbol:   method setPixel(int,int,int)
  location: class Texture
/data/workspace/RWX/core/src/main/java/com/corrodinggames/rts/game/PlayerTeam.java:1525: error: cannot find symbol
                                    textureArr[i6].setPixel(i3, i2, Color.argb(iA2, Utility.distance((int) (iB + (iArr2[i6] * f)), 0, 255), Utility.distance((int) (iB + (iArr3[i6] * f)), 0, 255), Utility.distance((int) (iB + (iArr4[i6] * f)), 0, 255)));
                                                  ^
  symbol:   method setPixel(int,int,int)
  location: class Texture
/data/workspace/RWX/core/src/main/java/com/corrodinggames/rts/game/PlayerTeam.java:1554: error: cannot find symbol
                                textureArr[i4].setPixel(i3, i2, Color.argb(0, 0, 0, 0));
                                              ^
  symbol:   method setPixel(int,int,int)
  location: class Texture
/data/workspace/RWX/core/src/main/java/com/corrodinggames/rts/game/PlayerTeam.java:1568: error: cannot find symbol
                                textureArr[i5].setPixel(i3, i2, Color.argb(iA2, Utility.distance((int) (fMin + (iArr3[i5] * f)), 0, 255), Utility.distance((int) (fMin + (iArr4[i5] * f)), 0, 255), Utility.distance((int) (fMin + (iArr5[i5] * f)), 0, 255)));
                                              ^
  symbol:   method setPixel(int,int,int)
  location: class Texture
/data/workspace/RWX/core/src/main/java/com/corrodinggames/rts/game/PlayerTeam.java:1604: error: cannot find symbol
                            textureArr[i4].setPixel(i2, i3, Color.argb(iA2, iDistance, iDistance2, iDistance3));
                                          ^
  symbol:   method setPixel(int,int,int)
  location: class Texture
/data/workspace/RWX/core/src/main/java/com/corrodinggames/rts/game/units/BaseUnit.java:448: error: cannot find symbol
                textureA.setPixel(i3, i4, Color.argb(Color.alpha(texture.getPixel(i3, i4)), 0, 0, 0));
                                                                        ^
  symbol:   method getPixel(int,int)
  location: variable texture of type Texture
/data/workspace/RWX/core/src/main/java/com/corrodinggames/rts/game/units/BaseUnit.java:482: error: cannot find symbol
        cW.a(Paint.Style.STROKE);
          ^
  symbol:   method a(Style)
  location: variable cW of type Paint
/data/workspace/RWX/core/src/main/java/com/corrodinggames/rts/game/units/BaseUnit.java:483: error: cannot find symbol
        cW.a(2.0f);
          ^
  symbol:   method a(float)
  location: variable cW of type Paint
/data/workspace/RWX/core/src/main/java/com/corrodinggames/rts/game/units/BaseUnit.java:486: error: cannot find symbol
        cX.a(Paint.Style.STROKE);
          ^
  symbol:   method a(Style)
  location: variable cX of type Paint
/data/workspace/RWX/core/src/main/java/com/corrodinggames/rts/game/units/BaseUnit.java:487: error: cannot find symbol
        cX.a(2.0f);
          ^
  symbol:   method a(float)
  location: variable cX of type Paint
/data/workspace/RWX/core/src/main/java/com/corrodinggames/rts/game/units/BaseUnit.java:490: error: cannot find symbol
        cY.a(Paint.Style.STROKE);
          ^
  symbol:   method a(Style)
  location: variable cY of type Paint
/data/workspace/RWX/core/src/main/java/com/corrodinggames/rts/game/units/BaseUnit.java:491: error: cannot find symbol
        cY.a(2.0f);
          ^
  symbol:   method a(float)
  location: variable cY of type Paint
/data/workspace/RWX/core/src/main/java/com/corrodinggames/rts/game/units/BaseUnit.java:494: error: cannot find symbol
        cZ.a(Paint.Style.STROKE);
          ^
  symbol:   method a(Style)
  location: variable cZ of type Paint
/data/workspace/RWX/core/src/main/java/com/corrodinggames/rts/game/units/BaseUnit.java:495: error: cannot find symbol
        cZ.a(2.0f);
          ^
  symbol:   method a(float)
  location: variable cZ of type Paint
/data/workspace/RWX/core/src/main/java/com/corrodinggames/rts/game/units/BaseUnit.java:498: error: cannot find symbol
        dd.a(Paint.Style.STROKE);
          ^
  symbol:   method a(Style)
  location: variable dd of type Paint
/data/workspace/RWX/core/src/main/java/com/corrodinggames/rts/game/units/BaseUnit.java:499: error: cannot find symbol
        dd.a(1.0f);
          ^
  symbol:   method a(float)
  location: variable dd of type Paint
/data/workspace/RWX/core/src/main/java/com/corrodinggames/rts/game/units/BaseUnit.java:502: error: cannot find symbol
        da.a(Paint.Style.STROKE);
          ^
  symbol:   method a(Style)
  location: variable da of type Paint
/data/workspace/RWX/core/src/main/java/com/corrodinggames/rts/game/units/BaseUnit.java:503: error: cannot find symbol
        da.a(2.0f);
          ^
  symbol:   method a(float)
  location: variable da of type Paint
/data/workspace/RWX/core/src/main/java/com/corrodinggames/rts/game/units/BaseUnit.java:506: error: cannot find symbol
        de.a(Paint.Style.STROKE);
          ^
  symbol:   method a(Style)
  location: variable de of type Paint
/data/workspace/RWX/core/src/main/java/com/corrodinggames/rts/game/units/BaseUnit.java:507: error: cannot find symbol
        de.a(1.0f);
          ^
  symbol:   method a(float)
  location: variable de of type Paint
/data/workspace/RWX/core/src/main/java/com/corrodinggames/rts/game/units/BaseUnit.java:510: error: cannot find symbol
        dc.a(Paint.Style.STROKE);
          ^
  symbol:   method a(Style)
  location: variable dc of type Paint
/data/workspace/RWX/core/src/main/java/com/corrodinggames/rts/game/units/BaseUnit.java:511: error: cannot find symbol
        dc.a(2.0f);
          ^
  symbol:   method a(float)
  location: variable dc of type Paint
/data/workspace/RWX/core/src/main/java/com/corrodinggames/rts/game/units/BaseUnit.java:514: error: cannot find symbol
        df.a(Paint.Style.STROKE);
          ^
  symbol:   method a(Style)
  location: variable df of type Paint
/data/workspace/RWX/core/src/main/java/com/corrodinggames/rts/game/units/BaseUnit.java:515: error: cannot find symbol
        df.a(1.0f);
          ^
  symbol:   method a(float)
  location: variable df of type Paint
/data/workspace/RWX/core/src/main/java/com/corrodinggames/rts/game/units/BaseUnit.java:518: error: cannot find symbol
        db.a(Paint.Style.STROKE);
          ^
  symbol:   method a(Style)
  location: variable db of type Paint
/data/workspace/RWX/core/src/main/java/com/corrodinggames/rts/game/units/BaseUnit.java:519: error: cannot find symbol
        db.a(2.0f);
          ^
  symbol:   method a(float)
  location: variable db of type Paint
/data/workspace/RWX/core/src/main/java/com/corrodinggames/rts/game/units/BaseUnit.java:522: error: cannot find symbol
        dg.a(Paint.Style.STROKE);
          ^
  symbol:   method a(Style)
  location: variable dg of type Paint
/data/workspace/RWX/core/src/main/java/com/corrodinggames/rts/game/units/BaseUnit.java:523: error: cannot find symbol
        dg.a(1.0f);
          ^
  symbol:   method a(float)
  location: variable dg of type Paint
/data/workspace/RWX/core/src/main/java/com/corrodinggames/rts/game/units/BaseUnit.java:526: error: cannot find symbol
        dh.a(Paint.Style.STROKE);
          ^
  symbol:   method a(Style)
  location: variable dh of type Paint
/data/workspace/RWX/core/src/main/java/com/corrodinggames/rts/game/units/BaseUnit.java:527: error: cannot find symbol
        dh.a(2.0f);
          ^
  symbol:   method a(float)
  location: variable dh of type Paint
/data/workspace/RWX/core/src/main/java/com/corrodinggames/rts/game/units/BaseUnit.java:530: error: cannot find symbol
        di.a(Paint.Style.STROKE);
          ^
  symbol:   method a(Style)
  location: variable di of type Paint
/data/workspace/RWX/core/src/main/java/com/corrodinggames/rts/game/units/BaseUnit.java:531: error: cannot find symbol
        di.a(1.0f);
          ^
  symbol:   method a(float)
  location: variable di of type Paint
/data/workspace/RWX/core/src/main/java/com/corrodinggames/rts/game/units/BaseUnit.java:533: error: cannot find symbol
        dj.a(Paint.Style.STROKE);
          ^
  symbol:   method a(Style)
  location: variable dj of type Paint
/data/workspace/RWX/core/src/main/java/com/corrodinggames/rts/game/units/BaseUnit.java:534: error: cannot find symbol
        dk.a(Paint.Style.STROKE);
          ^
  symbol:   method a(Style)
  location: variable dk of type Paint
/data/workspace/RWX/core/src/main/java/com/corrodinggames/rts/game/units/BaseUnit.java:990: error: cannot find symbol
            paint.a(0.0f);
                 ^
  symbol:   method a(float)
  location: variable paint of type Paint
/data/workspace/RWX/core/src/main/java/com/corrodinggames/rts/game/units/BaseUnit.java:1120: error: cannot find symbol
                    dr.setARGB(f4 - f3, f5 + f6, (f4 - f3) + (f7 * x()), f5 + f6 + i2);
                      ^
  symbol:   method setARGB(float,float,float,float)
  location: variable dr of type RectF
/data/workspace/RWX/core/src/main/java/com/corrodinggames/rts/game/units/BaseUnit.java:1122: error: cannot find symbol
                    dr.setARGB(f4 - f3, f5 + f6, (f4 - f3) + f7, f5 + f6 + i2);
                      ^
  symbol:   method setARGB(float,float,float,float)
  location: variable dr of type RectF
/data/workspace/RWX/core/src/main/java/com/corrodinggames/rts/game/units/BaseUnit.java:1134: error: cannot find symbol
                        dr.setARGB((f4 - f3) + (f7 * fX), f5 + f6, (f4 - f3) + (f7 * f9), f5 + f6 + i2);
                          ^
  symbol:   method setARGB(float,float,float,float)
  location: variable dr of type RectF
/data/workspace/RWX/core/src/main/java/com/corrodinggames/rts/game/units/BaseUnit.java:1150: error: cannot find symbol
                    dr.setARGB(f14, f5 + f6 + 3.0f, f14 + f13, f5 + f6 + 3.0f + 3.0f);
                      ^
  symbol:   method setARGB(float,float,float,float)
  location: variable dr of type RectF
/data/workspace/RWX/core/src/main/java/com/corrodinggames/rts/game/units/BaseUnit.java:1162: error: cannot find symbol
            dr.setARGB(f4 - f3, f5 + f6 + i4 + f8, (f4 - f3) + (f7 * getUnitTeamData()), f5 + f6 + i4 + 2 + f8);
              ^
  symbol:   method setARGB(float,float,float,float)
  location: variable dr of type RectF
/data/workspace/RWX/core/src/main/java/com/corrodinggames/rts/game/units/BaseUnit.java:1169: error: cannot find symbol
            dr.setARGB(f4 - f3, f5 + f6 + i4 + f8, (f4 - f3) + f7, f5 + f6 + i4 + 2 + f8);
              ^
  symbol:   method setARGB(float,float,float,float)
  location: variable dr of type RectF
/data/workspace/RWX/core/src/main/java/com/corrodinggames/rts/game/units/BaseUnit.java:1181: error: cannot find symbol
            dr.setARGB(f4 - f3, f5 + f6 + i5 + f8, (f4 - f3) + (f7 * bV()), f5 + f6 + i5 + i + f8);
              ^
  symbol:   method setARGB(float,float,float,float)
  location: variable dr of type RectF
/data/workspace/RWX/core/src/main/java/com/corrodinggames/rts/game/units/BaseUnit.java:1183: error: cannot find symbol
            dr.setARGB(f4 - f3, f5 + f6 + i5 + f8, (f4 - f3) + f7, f5 + f6 + i5 + i + f8);
              ^
  symbol:   method setARGB(float,float,float,float)
  location: variable dr of type RectF
/data/workspace/RWX/core/src/main/java/com/corrodinggames/rts/game/units/BaseUnit.java:1230: error: cannot find symbol
                        ds.a(2.0f);
                          ^
  symbol:   method a(float)
  location: variable ds of type Paint
/data/workspace/RWX/core/src/main/java/com/corrodinggames/rts/game/units/BaseUnit.java:1232: error: cannot find symbol
                        ds.a(0.0f);
                          ^
  symbol:   method a(float)
  location: variable ds of type Paint
/data/workspace/RWX/core/src/main/java/com/corrodinggames/rts/game/units/BaseUnit.java:1235: error: method rgb in class Color cannot be applied to given types;
                        ds.b(Color.rgb(160, SlickToAndroidKeycodes.AndroidCodes.KEYCODE_STB_INPUT, 0, 0));
                                  ^
  required: int,int,int
  found:    int,int,int,int
  reason: actual and formal argument lists differ in length
/data/workspace/RWX/core/src/main/java/com/corrodinggames/rts/game/units/BaseUnit.java:1237: error: method rgb in class Color cannot be applied to given types;
                        ds.b(Color.rgb(160, SlickToAndroidKeycodes.AndroidCodes.KEYCODE_STB_INPUT, SlickToAndroidKeycodes.AndroidCodes.KEYCODE_STB_INPUT, 0));
                                  ^
  required: int,int,int
  found:    int,int,int,int
  reason: actual and formal argument lists differ in length
/data/workspace/RWX/core/src/main/java/com/corrodinggames/rts/game/units/BaseUnit.java:1239: error: method rgb in class Color cannot be applied to given types;
                        ds.b(Color.rgb(160, 0, 0, SlickToAndroidKeycodes.AndroidCodes.KEYCODE_STB_INPUT));
                                  ^
  required: int,int,int
  found:    int,int,int,int
  reason: actual and formal argument lists differ in length
/data/workspace/RWX/core/src/main/java/com/corrodinggames/rts/game/units/BaseUnit.java:1241: error: method rgb in class Color cannot be applied to given types;
                        ds.b(Color.rgb(160, 0, SlickToAndroidKeycodes.AndroidCodes.KEYCODE_STB_INPUT, SlickToAndroidKeycodes.AndroidCodes.KEYCODE_STB_INPUT));
                                  ^
  required: int,int,int
  found:    int,int,int,int
  reason: actual and formal argument lists differ in length
/data/workspace/RWX/core/src/main/java/com/corrodinggames/rts/game/units/BaseUnit.java:1243: error: method rgb in class Color cannot be applied to given types;
                        ds.b(Color.rgb(160, SlickToAndroidKeycodes.AndroidCodes.KEYCODE_STB_INPUT, 0, 42));
                                  ^
  required: int,int,int
  found:    int,int,int,int
  reason: actual and formal argument lists differ in length
/data/workspace/RWX/core/src/main/java/com/corrodinggames/rts/game/units/BaseUnit.java:1245: error: method rgb in class Color cannot be applied to given types;
                        ds.b(Color.rgb(160, 97, 20, SlickToAndroidKeycodes.AndroidCodes.KEYCODE_LAST_CHANNEL));
                                  ^
  required: int,int,int
  found:    int,int,int,int
  reason: actual and formal argument lists differ in length
/data/workspace/RWX/core/src/main/java/com/corrodinggames/rts/game/units/BaseUnit.java:1247: error: method rgb in class Color cannot be applied to given types;
                        ds.b(Color.rgb(160, 0, 210, 210));
                                  ^
  required: int,int,int
  found:    int,int,int,int
  reason: actual and formal argument lists differ in length
/data/workspace/RWX/core/src/main/java/com/corrodinggames/rts/game/units/BaseUnit.java:1254: error: method rgb in class Color cannot be applied to given types;
                        ds.b(Color.rgb(160, 0, SlickToAndroidKeycodes.AndroidCodes.KEYCODE_STB_INPUT, 0));
                                  ^
  required: int,int,int
  found:    int,int,int,int
  reason: actual and formal argument lists differ in length
/data/workspace/RWX/core/src/main/java/com/corrodinggames/rts/game/units/BaseUnit.java:1271: error: cannot find symbol
                        dr.setARGB(fFastCos - 1.0f, fFastSin - 1.0f, fFastCos + 1.0f, fFastSin + 1.0f);
                          ^
  symbol:   method setARGB(float,float,float,float)
  location: variable dr of type RectF
/data/workspace/RWX/core/src/main/java/com/corrodinggames/rts/game/units/BaseUnit.java:1272: error: cannot find symbol
                        dr.a(-gameEngine.viewpointXSnapped, -gameEngine.viewpointYSnapped);
                          ^
  symbol:   method a(float,float)
  location: variable dr of type RectF
/data/workspace/RWX/core/src/main/java/com/corrodinggames/rts/game/units/BaseUnit.java:1281: error: method rgb in class Color cannot be applied to given types;
            ds.b(Color.rgb(50, 0, 210, 210));
                      ^
  required: int,int,int
  found:    int,int,int,int
  reason: actual and formal argument lists differ in length
/data/workspace/RWX/core/src/main/java/com/corrodinggames/rts/game/units/BaseUnit.java:1315: error: cannot find symbol
                    cW.b(PlayerTeam.i(this.team.teamColorId));
                      ^
  symbol:   method b(int)
  location: variable cW of type Paint
/data/workspace/RWX/core/src/main/java/com/corrodinggames/rts/game/units/BaseUnit.java:1329: error: cannot find symbol
                        dr.a(unitAIUpdateTime);
                          ^
  symbol:   method a(Rect)
  location: variable dr of type RectF
/data/workspace/RWX/core/src/main/java/com/corrodinggames/rts/game/units/BaseUnit.java:1330: error: cannot find symbol
                        dr.b *= gameEngine.tileMap.tileWorldSizeY;
                          ^
  symbol:   variable b
  location: variable dr of type RectF
/data/workspace/RWX/core/src/main/java/com/corrodinggames/rts/game/units/BaseUnit.java:1331: error: cannot find symbol
                        dr.d *= gameEngine.tileMap.tileWorldSizeY;
                          ^
  symbol:   variable d
  location: variable dr of type RectF
/data/workspace/RWX/core/src/main/java/com/corrodinggames/rts/game/units/BaseUnit.java:1332: error: cannot find symbol
                        dr.a *= gameEngine.tileMap.tileWorldSizeX;
                          ^
  symbol:   variable a
  location: variable dr of type RectF
/data/workspace/RWX/core/src/main/java/com/corrodinggames/rts/game/units/BaseUnit.java:1333: error: cannot find symbol
                        dr.c *= gameEngine.tileMap.tileWorldSizeX;
                          ^
  symbol:   variable c
  location: variable dr of type RectF
/data/workspace/RWX/core/src/main/java/com/corrodinggames/rts/game/units/BaseUnit.java:1335: error: cannot find symbol
                        dr.a(-(getUnitAIState() - gameEngine.tileMap.halfTileWorldSizeX), -(getUnitAIPathfindStatus() - gameEngine.tileMap.halfTileWorldSizeY));
                          ^
  symbol:   method a(float,float)
  location: variable dr of type RectF
/data/workspace/RWX/core/src/main/java/com/corrodinggames/rts/game/units/BaseUnit.java:1337: error: cannot find symbol
                        dr.a(f2, f3);
                          ^
  symbol:   method a(float,float)
  location: variable dr of type RectF
/data/workspace/RWX/core/src/main/java/com/corrodinggames/rts/game/units/BaseUnit.java:1338: error: cannot find symbol
                        gameEngine.graphicsEngine2.setARGB(dr.a - 11.0f, dr.b, dr.c + 11.0f, dr.b, paint);
                                                             ^
  symbol:   variable a
  location: variable dr of type RectF
/data/workspace/RWX/core/src/main/java/com/corrodinggames/rts/game/units/BaseUnit.java:1338: error: cannot find symbol
                        gameEngine.graphicsEngine2.setARGB(dr.a - 11.0f, dr.b, dr.c + 11.0f, dr.b, paint);
                                                                           ^
  symbol:   variable b
  location: variable dr of type RectF
/data/workspace/RWX/core/src/main/java/com/corrodinggames/rts/game/units/BaseUnit.java:1338: error: cannot find symbol
                        gameEngine.graphicsEngine2.setARGB(dr.a - 11.0f, dr.b, dr.c + 11.0f, dr.b, paint);
                                                                                 ^
  symbol:   variable c
  location: variable dr of type RectF
/data/workspace/RWX/core/src/main/java/com/corrodinggames/rts/game/units/BaseUnit.java:1338: error: cannot find symbol
                        gameEngine.graphicsEngine2.setARGB(dr.a - 11.0f, dr.b, dr.c + 11.0f, dr.b, paint);
                                                                                               ^
  symbol:   variable b
  location: variable dr of type RectF
/data/workspace/RWX/core/src/main/java/com/corrodinggames/rts/game/units/BaseUnit.java:1339: error: cannot find symbol
                        gameEngine.graphicsEngine2.setARGB(dr.a - 11.0f, dr.d, dr.c + 11.0f, dr.d, paint);
                                                             ^
  symbol:   variable a
  location: variable dr of type RectF
/data/workspace/RWX/core/src/main/java/com/corrodinggames/rts/game/units/BaseUnit.java:1339: error: cannot find symbol
                        gameEngine.graphicsEngine2.setARGB(dr.a - 11.0f, dr.d, dr.c + 11.0f, dr.d, paint);
                                                                           ^
  symbol:   variable d
  location: variable dr of type RectF
/data/workspace/RWX/core/src/main/java/com/corrodinggames/rts/game/units/BaseUnit.java:1339: error: cannot find symbol
                        gameEngine.graphicsEngine2.setARGB(dr.a - 11.0f, dr.d, dr.c + 11.0f, dr.d, paint);
                                                                                 ^
  symbol:   variable c
  location: variable dr of type RectF
/data/workspace/RWX/core/src/main/java/com/corrodinggames/rts/game/units/BaseUnit.java:1339: error: cannot find symbol
                        gameEngine.graphicsEngine2.setARGB(dr.a - 11.0f, dr.d, dr.c + 11.0f, dr.d, paint);
                                                                                               ^
  symbol:   variable d
  location: variable dr of type RectF
/data/workspace/RWX/core/src/main/java/com/corrodinggames/rts/game/units/BaseUnit.java:1340: error: cannot find symbol
                        gameEngine.graphicsEngine2.setARGB(dr.a, dr.b - 11.0f, dr.a, dr.d + 11.0f, paint);
                                                             ^
  symbol:   variable a
  location: variable dr of type RectF
/data/workspace/RWX/core/src/main/java/com/corrodinggames/rts/game/units/BaseUnit.java:1340: error: cannot find symbol
                        gameEngine.graphicsEngine2.setARGB(dr.a, dr.b - 11.0f, dr.a, dr.d + 11.0f, paint);
                                                                   ^
  symbol:   variable b
  location: variable dr of type RectF
/data/workspace/RWX/core/src/main/java/com/corrodinggames/rts/game/units/BaseUnit.java:1340: error: cannot find symbol
                        gameEngine.graphicsEngine2.setARGB(dr.a, dr.b - 11.0f, dr.a, dr.d + 11.0f, paint);
                                                                                 ^
  symbol:   variable a
  location: variable dr of type RectF
/data/workspace/RWX/core/src/main/java/com/corrodinggames/rts/game/units/BaseUnit.java:1340: error: cannot find symbol
                        gameEngine.graphicsEngine2.setARGB(dr.a, dr.b - 11.0f, dr.a, dr.d + 11.0f, paint);
                                                                                       ^
  symbol:   variable d
  location: variable dr of type RectF
/data/workspace/RWX/core/src/main/java/com/corrodinggames/rts/game/units/BaseUnit.java:1341: error: cannot find symbol
                        gameEngine.graphicsEngine2.setARGB(dr.c, dr.b - 11.0f, dr.c, dr.d + 11.0f, paint);
                                                             ^
  symbol:   variable c
  location: variable dr of type RectF
/data/workspace/RWX/core/src/main/java/com/corrodinggames/rts/game/units/BaseUnit.java:1341: error: cannot find symbol
                        gameEngine.graphicsEngine2.setARGB(dr.c, dr.b - 11.0f, dr.c, dr.d + 11.0f, paint);
                                                                   ^
  symbol:   variable b
  location: variable dr of type RectF
/data/workspace/RWX/core/src/main/java/com/corrodinggames/rts/game/units/BaseUnit.java:1341: error: cannot find symbol
                        gameEngine.graphicsEngine2.setARGB(dr.c, dr.b - 11.0f, dr.c, dr.d + 11.0f, paint);
                                                                                 ^
  symbol:   variable c
  location: variable dr of type RectF
/data/workspace/RWX/core/src/main/java/com/corrodinggames/rts/game/units/BaseUnit.java:1341: error: cannot find symbol
                        gameEngine.graphicsEngine2.setARGB(dr.c, dr.b - 11.0f, dr.c, dr.d + 11.0f, paint);
                                                                                       ^
  symbol:   variable d
  location: variable dr of type RectF
/data/workspace/RWX/core/src/main/java/com/corrodinggames/rts/game/units/BaseUnit.java:1405: error: cannot find symbol
        if (!gameEngine.cameraFollowSpeed.b(this.posX, this.posY) || this.unitTransportTarget != null) {
                                         ^
  symbol:   method b(float,float)
  location: variable cameraFollowSpeed of type RectF
/data/workspace/RWX/core/src/main/java/com/corrodinggames/rts/game/units/BaseUnit.java:1672: error: cannot find symbol
        if (this.posX + this.radius > rectF.a && this.posX - this.radius < rectF.c && this.posY + this.radius > rectF.b && this.posY - this.radius < rectF.d) {
                                           ^
  symbol:   variable a
  location: variable rectF of type RectF
/data/workspace/RWX/core/src/main/java/com/corrodinggames/rts/game/units/BaseUnit.java:1672: error: cannot find symbol
        if (this.posX + this.radius > rectF.a && this.posX - this.radius < rectF.c && this.posY + this.radius > rectF.b && this.posY - this.radius < rectF.d) {
                                                                                ^
  symbol:   variable c
  location: variable rectF of type RectF
/data/workspace/RWX/core/src/main/java/com/corrodinggames/rts/game/units/BaseUnit.java:1672: error: cannot find symbol
        if (this.posX + this.radius > rectF.a && this.posX - this.radius < rectF.c && this.posY + this.radius > rectF.b && this.posY - this.radius < rectF.d) {
                                                                                                                     ^
  symbol:   variable b
  location: variable rectF of type RectF
/data/workspace/RWX/core/src/main/java/com/corrodinggames/rts/game/units/BaseUnit.java:1672: error: cannot find symbol
        if (this.posX + this.radius > rectF.a && this.posX - this.radius < rectF.c && this.posY + this.radius > rectF.b && this.posY - this.radius < rectF.d) {
                                                                                                                                                          ^
  symbol:   variable d
  location: variable rectF of type RectF
/data/workspace/RWX/core/src/main/java/com/corrodinggames/rts/game/units/BaseUnit.java:2017: error: cannot find symbol
        dA.a((this.posX - (this.eu * maxHealth)) - gameEngine.viewpointXSnapped, (this.posY - (this.ev * maxHealth)) - gameEngine.viewpointYSnapped, (this.posX + (this.eu * maxHealth)) - gameEngine.viewpointXSnapped, (this.posY + (this.ev * maxHealth)) - gameEngine.viewpointYSnapped);
          ^
  symbol:   method a(float,float,float,float)
  location: variable dA of type RectF
/data/workspace/RWX/core/src/main/java/com/corrodinggames/rts/game/units/BaseUnit.java:2029: error: cannot find symbol
        rectF.a = (this.posX - f3) - f;
             ^
  symbol:   variable a
  location: variable rectF of type RectF
/data/workspace/RWX/core/src/main/java/com/corrodinggames/rts/game/units/BaseUnit.java:2030: error: cannot find symbol
        rectF.c = (this.posX + f3) - f;
             ^
  symbol:   variable c
  location: variable rectF of type RectF
/data/workspace/RWX/core/src/main/java/com/corrodinggames/rts/game/units/BaseUnit.java:2031: error: cannot find symbol
        rectF.b = (this.posY - f4) - f2;
             ^
  symbol:   variable b
  location: variable rectF of type RectF
/data/workspace/RWX/core/src/main/java/com/corrodinggames/rts/game/units/BaseUnit.java:2032: error: cannot find symbol
        rectF.d = (this.posY + f4) - f2;
             ^
  symbol:   variable d
  location: variable rectF of type RectF
/data/workspace/RWX/core/src/main/java/com/corrodinggames/rts/game/units/BaseUnit.java:2042: error: cannot find symbol
        dC.a = 0;
          ^
  symbol:   variable a
  location: variable dC of type Rect
/data/workspace/RWX/core/src/main/java/com/corrodinggames/rts/game/units/BaseUnit.java:2043: error: cannot find symbol
        dC.b = 0;
          ^
  symbol:   variable b
  location: variable dC of type Rect
/data/workspace/RWX/core/src/main/java/com/corrodinggames/rts/game/units/BaseUnit.java:2044: error: cannot find symbol
        dC.c = 0 + this.es;
          ^
  symbol:   variable c
  location: variable dC of type Rect
/data/workspace/RWX/core/src/main/java/com/corrodinggames/rts/game/units/BaseUnit.java:2045: error: cannot find symbol
        dC.d = 0 + this.et;
          ^
  symbol:   variable d
  location: variable dC of type Rect
/data/workspace/RWX/core/src/main/java/com/corrodinggames/rts/game/units/BaseUnit.java:2051: error: cannot find symbol
        dC.a(i2, 0, i2 + this.es, 0 + this.et);
          ^
  symbol:   method a(int,int,int,int)
  location: variable dC of type Rect
/data/workspace/RWX/core/src/main/java/com/corrodinggames/rts/game/units/BaseUnit.java:2060: error: cannot find symbol
        dC.a = i5;
          ^
  symbol:   variable a
  location: variable dC of type Rect
/data/workspace/RWX/core/src/main/java/com/corrodinggames/rts/game/units/BaseUnit.java:2061: error: cannot find symbol
        dC.b = i6;
          ^
  symbol:   variable b
  location: variable dC of type Rect
Note: Some input files use or override a deprecated API.
Note: Recompile with -Xlint:deprecation for details.
Note: Some input files use unchecked or unsafe operations.
Note: Recompile with -Xlint:unchecked for details.
Note: Some messages have been simplified; recompile with -Xdiags:verbose to get full output
100 errors

[Incubating] Problems report is available at: file:///data/workspace/RWX/build/reports/problems/problems-report.html

FAILURE: Build failed with an exception.

* What went wrong:
Execution failed for task ':core:compileJava'.
> Compilation failed; see the compiler output below.
  /data/workspace/RWX/core/src/main/java/com/corrodinggames/rts/game/units/BaseUnit.java:1235: error: method rgb in class Color cannot be applied to given types;
                          ds.b(Color.rgb(160, SlickToAndroidKeycodes.AndroidCodes.KEYCODE_STB_INPUT, 0, 0));
                                    ^
    required: int,int,int
    found:    int,int,int,int
    reason: actual and formal argument lists differ in length
  /data/workspace/RWX/core/src/main/java/com/corrodinggames/rts/game/units/BaseUnit.java:1237: error: method rgb in class Color cannot be applied to given types;
                          ds.b(Color.rgb(160, SlickToAndroidKeycodes.AndroidCodes.KEYCODE_STB_INPUT, SlickToAndroidKeycodes.AndroidCodes.KEYCODE_STB_INPUT, 0));
                                    ^
    required: int,int,int
    found:    int,int,int,int
    reason: actual and formal argument lists differ in length
  /data/workspace/RWX/core/src/main/java/com/corrodinggames/rts/game/units/BaseUnit.java:1239: error: method rgb in class Color cannot be applied to given types;
                          ds.b(Color.rgb(160, 0, 0, SlickToAndroidKeycodes.AndroidCodes.KEYCODE_STB_INPUT));
                                    ^
    required: int,int,int
    found:    int,int,int,int
    reason: actual and formal argument lists differ in length
  /data/workspace/RWX/core/src/main/java/com/corrodinggames/rts/game/units/BaseUnit.java:1241: error: method rgb in class Color cannot be applied to given types;
                          ds.b(Color.rgb(160, 0, SlickToAndroidKeycodes.AndroidCodes.KEYCODE_STB_INPUT, SlickToAndroidKeycodes.AndroidCodes.KEYCODE_STB_INPUT));
                                    ^
    required: int,int,int
    found:    int,int,int,int
    reason: actual and formal argument lists differ in length
  /data/workspace/RWX/core/src/main/java/com/corrodinggames/rts/game/units/BaseUnit.java:1243: error: method rgb in class Color cannot be applied to given types;
                          ds.b(Color.rgb(160, SlickToAndroidKeycodes.AndroidCodes.KEYCODE_STB_INPUT, 0, 42));
                                    ^
    required: int,int,int
    found:    int,int,int,int
    reason: actual and formal argument lists differ in length
  /data/workspace/RWX/core/src/main/java/com/corrodinggames/rts/game/units/BaseUnit.java:1245: error: method rgb in class Color cannot be applied to given types;
                          ds.b(Color.rgb(160, 97, 20, SlickToAndroidKeycodes.AndroidCodes.KEYCODE_LAST_CHANNEL));
                                    ^
    required: int,int,int
    found:    int,int,int,int
    reason: actual and formal argument lists differ in length
  /data/workspace/RWX/core/src/main/java/com/corrodinggames/rts/game/units/BaseUnit.java:1247: error: method rgb in class Color cannot be applied to given types;
                          ds.b(Color.rgb(160, 0, 210, 210));
                                    ^
    required: int,int,int
    found:    int,int,int,int
    reason: actual and formal argument lists differ in length
  /data/workspace/RWX/core/src/main/java/com/corrodinggames/rts/game/units/BaseUnit.java:1254: error: method rgb in class Color cannot be applied to given types;
                          ds.b(Color.rgb(160, 0, SlickToAndroidKeycodes.AndroidCodes.KEYCODE_STB_INPUT, 0));
                                    ^
    required: int,int,int
    found:    int,int,int,int
    reason: actual and formal argument lists differ in length
  /data/workspace/RWX/core/src/main/java/com/corrodinggames/rts/game/units/BaseUnit.java:1281: error: method rgb in class Color cannot be applied to given types;
              ds.b(Color.rgb(50, 0, 210, 210));
                        ^
    required: int,int,int
    found:    int,int,int,int
    reason: actual and formal argument lists differ in length
  Note: Recompile with -Xlint:deprecation for details.
  /data/workspace/RWX/core/src/main/java/com/corrodinggames/rts/game/units/BaseUnit.java:1330: error: cannot find symbol
                          dr.b *= gameEngine.tileMap.tileWorldSizeY;
                            ^
    symbol:   variable b
    location: variable dr of type RectF
  /data/workspace/RWX/core/src/main/java/com/corrodinggames/rts/game/units/BaseUnit.java:1331: error: cannot find symbol
                          dr.d *= gameEngine.tileMap.tileWorldSizeY;
                            ^
    symbol:   variable d
    location: variable dr of type RectF
  /data/workspace/RWX/core/src/main/java/com/corrodinggames/rts/game/units/BaseUnit.java:1332: error: cannot find symbol
                          dr.a *= gameEngine.tileMap.tileWorldSizeX;
                            ^
    symbol:   variable a
    location: variable dr of type RectF
  /data/workspace/RWX/core/src/main/java/com/corrodinggames/rts/game/units/BaseUnit.java:1333: error: cannot find symbol
                          dr.c *= gameEngine.tileMap.tileWorldSizeX;
                            ^
    symbol:   variable c
    location: variable dr of type RectF
  /data/workspace/RWX/core/src/main/java/com/corrodinggames/rts/game/units/BaseUnit.java:1338: error: cannot find symbol
                          gameEngine.graphicsEngine2.setARGB(dr.a - 11.0f, dr.b, dr.c + 11.0f, dr.b, paint);
                                                               ^
    symbol:   variable a
    location: variable dr of type RectF
  /data/workspace/RWX/core/src/main/java/com/corrodinggames/rts/game/units/BaseUnit.java:1338: error: cannot find symbol
                          gameEngine.graphicsEngine2.setARGB(dr.a - 11.0f, dr.b, dr.c + 11.0f, dr.b, paint);
                                                                             ^
    symbol:   variable b
    location: variable dr of type RectF
  /data/workspace/RWX/core/src/main/java/com/corrodinggames/rts/game/units/BaseUnit.java:1338: error: cannot find symbol
                          gameEngine.graphicsEngine2.setARGB(dr.a - 11.0f, dr.b, dr.c + 11.0f, dr.b, paint);
                                                                                   ^
    symbol:   variable c
    location: variable dr of type RectF
  /data/workspace/RWX/core/src/main/java/com/corrodinggames/rts/game/units/BaseUnit.java:1338: error: cannot find symbol
                          gameEngine.graphicsEngine2.setARGB(dr.a - 11.0f, dr.b, dr.c + 11.0f, dr.b, paint);
                                                                                                 ^
    symbol:   variable b
    location: variable dr of type RectF
  /data/workspace/RWX/core/src/main/java/com/corrodinggames/rts/game/units/BaseUnit.java:1339: error: cannot find symbol
                          gameEngine.graphicsEngine2.setARGB(dr.a - 11.0f, dr.d, dr.c + 11.0f, dr.d, paint);
                                                               ^
    symbol:   variable a
    location: variable dr of type RectF
  /data/workspace/RWX/core/src/main/java/com/corrodinggames/rts/game/units/BaseUnit.java:1339: error: cannot find symbol
                          gameEngine.graphicsEngine2.setARGB(dr.a - 11.0f, dr.d, dr.c + 11.0f, dr.d, paint);
                                                                             ^
    symbol:   variable d
    location: variable dr of type RectF
  /data/workspace/RWX/core/src/main/java/com/corrodinggames/rts/game/units/BaseUnit.java:1339: error: cannot find symbol
                          gameEngine.graphicsEngine2.setARGB(dr.a - 11.0f, dr.d, dr.c + 11.0f, dr.d, paint);
                                                                                   ^
    symbol:   variable c
    location: variable dr of type RectF
  /data/workspace/RWX/core/src/main/java/com/corrodinggames/rts/game/units/BaseUnit.java:1339: error: cannot find symbol
                          gameEngine.graphicsEngine2.setARGB(dr.a - 11.0f, dr.d, dr.c + 11.0f, dr.d, paint);
                                                                                                 ^
    symbol:   variable d
    location: variable dr of type RectF
  /data/workspace/RWX/core/src/main/java/com/corrodinggames/rts/game/units/BaseUnit.java:1340: error: cannot find symbol
                          gameEngine.graphicsEngine2.setARGB(dr.a, dr.b - 11.0f, dr.a, dr.d + 11.0f, paint);
                                                               ^
    symbol:   variable a
    location: variable dr of type RectF
  /data/workspace/RWX/core/src/main/java/com/corrodinggames/rts/game/units/BaseUnit.java:1340: error: cannot find symbol
                          gameEngine.graphicsEngine2.setARGB(dr.a, dr.b - 11.0f, dr.a, dr.d + 11.0f, paint);
                                                                     ^
    symbol:   variable b
    location: variable dr of type RectF
  /data/workspace/RWX/core/src/main/java/com/corrodinggames/rts/game/units/BaseUnit.java:1340: error: cannot find symbol
                          gameEngine.graphicsEngine2.setARGB(dr.a, dr.b - 11.0f, dr.a, dr.d + 11.0f, paint);
                                                                                   ^
    symbol:   variable a
    location: variable dr of type RectF
  /data/workspace/RWX/core/src/main/java/com/corrodinggames/rts/game/units/BaseUnit.java:1340: error: cannot find symbol
                          gameEngine.graphicsEngine2.setARGB(dr.a, dr.b - 11.0f, dr.a, dr.d + 11.0f, paint);
                                                                                         ^
    symbol:   variable d
    location: variable dr of type RectF
  /data/workspace/RWX/core/src/main/java/com/corrodinggames/rts/game/units/BaseUnit.java:1341: error: cannot find symbol
                          gameEngine.graphicsEngine2.setARGB(dr.c, dr.b - 11.0f, dr.c, dr.d + 11.0f, paint);
                                                               ^
    symbol:   variable c
    location: variable dr of type RectF
  /data/workspace/RWX/core/src/main/java/com/corrodinggames/rts/game/units/BaseUnit.java:1341: error: cannot find symbol
                          gameEngine.graphicsEngine2.setARGB(dr.c, dr.b - 11.0f, dr.c, dr.d + 11.0f, paint);
                                                                     ^
    symbol:   variable b
    location: variable dr of type RectF
  /data/workspace/RWX/core/src/main/java/com/corrodinggames/rts/game/units/BaseUnit.java:1341: error: cannot find symbol
                          gameEngine.graphicsEngine2.setARGB(dr.c, dr.b - 11.0f, dr.c, dr.d + 11.0f, paint);
                                                                                   ^
    symbol:   variable c
    location: variable dr of type RectF
  /data/workspace/RWX/core/src/main/java/com/corrodinggames/rts/game/units/BaseUnit.java:1341: error: cannot find symbol
                          gameEngine.graphicsEngine2.setARGB(dr.c, dr.b - 11.0f, dr.c, dr.d + 11.0f, paint);
                                                                                         ^
    symbol:   variable d
    location: variable dr of type RectF
  /data/workspace/RWX/core/src/main/java/com/corrodinggames/rts/game/units/BaseUnit.java:1672: error: cannot find symbol
          if (this.posX + this.radius > rectF.a && this.posX - this.radius < rectF.c && this.posY + this.radius > rectF.b && this.posY - this.radius < rectF.d) {
                                             ^
    symbol:   variable a
    location: variable rectF of type RectF
  /data/workspace/RWX/core/src/main/java/com/corrodinggames/rts/game/units/BaseUnit.java:1672: error: cannot find symbol
          if (this.posX + this.radius > rectF.a && this.posX - this.radius < rectF.c && this.posY + this.radius > rectF.b && this.posY - this.radius < rectF.d) {
                                                                                  ^
    symbol:   variable c
    location: variable rectF of type RectF
  /data/workspace/RWX/core/src/main/java/com/corrodinggames/rts/game/units/BaseUnit.java:1672: error: cannot find symbol
          if (this.posX + this.radius > rectF.a && this.posX - this.radius < rectF.c && this.posY + this.radius > rectF.b && this.posY - this.radius < rectF.d) {
                                                                                                                       ^
    symbol:   variable b
    location: variable rectF of type RectF
  /data/workspace/RWX/core/src/main/java/com/corrodinggames/rts/game/units/BaseUnit.java:1672: error: cannot find symbol
          if (this.posX + this.radius > rectF.a && this.posX - this.radius < rectF.c && this.posY + this.radius > rectF.b && this.posY - this.radius < rectF.d) {
                                                                                                                                                            ^
    symbol:   variable d
    location: variable rectF of type RectF
  /data/workspace/RWX/core/src/main/java/com/corrodinggames/rts/game/units/BaseUnit.java:2029: error: cannot find symbol
          rectF.a = (this.posX - f3) - f;
               ^
    symbol:   variable a
    location: variable rectF of type RectF
  /data/workspace/RWX/core/src/main/java/com/corrodinggames/rts/game/units/BaseUnit.java:2030: error: cannot find symbol
          rectF.c = (this.posX + f3) - f;
               ^
    symbol:   variable c
    location: variable rectF of type RectF
  /data/workspace/RWX/core/src/main/java/com/corrodinggames/rts/game/units/BaseUnit.java:2031: error: cannot find symbol
          rectF.b = (this.posY - f4) - f2;
               ^
    symbol:   variable b
    location: variable rectF of type RectF
  /data/workspace/RWX/core/src/main/java/com/corrodinggames/rts/game/units/BaseUnit.java:2032: error: cannot find symbol
          rectF.d = (this.posY + f4) - f2;
               ^
    symbol:   variable d
    location: variable rectF of type RectF
  /data/workspace/RWX/core/src/main/java/com/corrodinggames/rts/game/units/BaseUnit.java:2042: error: cannot find symbol
          dC.a = 0;
            ^
    symbol:   variable a
    location: variable dC of type Rect
  /data/workspace/RWX/core/src/main/java/com/corrodinggames/rts/game/units/BaseUnit.java:2043: error: cannot find symbol
          dC.b = 0;
            ^
    symbol:   variable b
    location: variable dC of type Rect
  /data/workspace/RWX/core/src/main/java/com/corrodinggames/rts/game/units/BaseUnit.java:2044: error: cannot find symbol
          dC.c = 0 + this.es;
            ^
    symbol:   variable c
    location: variable dC of type Rect
  /data/workspace/RWX/core/src/main/java/com/corrodinggames/rts/game/units/BaseUnit.java:2045: error: cannot find symbol
          dC.d = 0 + this.et;
            ^
    symbol:   variable d
    location: variable dC of type Rect
  /data/workspace/RWX/core/src/main/java/com/corrodinggames/rts/game/units/BaseUnit.java:2060: error: cannot find symbol
          dC.a = i5;
            ^
    symbol:   variable a
    location: variable dC of type Rect
  /data/workspace/RWX/core/src/main/java/com/corrodinggames/rts/game/units/BaseUnit.java:2061: error: cannot find symbol
          dC.b = i6;
            ^
    symbol:   variable b
    location: variable dC of type Rect
  Note: Recompile with -Xlint:unchecked for details.
  Note: Some input files use or override a deprecated API.
  Note: Some messages have been simplified; recompile with -Xdiags:verbose to get full output
  Note: Some input files use unchecked or unsafe operations.
  /data/workspace/RWX/core/src/main/java/com/corrodinggames/rts/gameFramework/graphics/opengl/DrawCommand.java:45: error: cannot find symbol
                  gLMeshBuffer.put(1, 0, this.e.width(), 0.0f, 0.0f, fM2, fL2, null);
                              ^
    symbol:   method put(int,int,int,float,float,float,float,<null>)
    location: variable gLMeshBuffer of type GLMeshBuffer
  /data/workspace/RWX/core/src/main/java/com/corrodinggames/rts/gameFramework/graphics/opengl/DrawCommand.java:46: error: cannot find symbol
                  gLMeshBuffer.put(0, 1, 0.0f, this.e.height(), 0.0f, fM, fL, null);
                              ^
    symbol:   method put(int,int,float,int,float,float,float,<null>)
    location: variable gLMeshBuffer of type GLMeshBuffer
  /data/workspace/RWX/core/src/main/java/com/corrodinggames/rts/gameFramework/graphics/opengl/DrawCommand.java:47: error: cannot find symbol
                  gLMeshBuffer.put(1, 1, this.e.width(), this.e.height(), 0.0f, fM2, fL, null);
                              ^
    symbol:   method put(int,int,int,int,float,float,float,<null>)
    location: variable gLMeshBuffer of type GLMeshBuffer
  /data/workspace/RWX/core/src/main/java/com/corrodinggames/rts/game/PlayerTeam.java:1518: error: cannot find symbol
                                      textureArr[i5].setPixel(i3, i2, Color.argb(iA2, (iArr2[i5] * iC) >> 8, (iArr3[i5] * iC) >> 8, (iArr4[i5] * iC) >> 8));
                                                    ^
    symbol:   method setPixel(int,int,int)
    location: class Texture
  /data/workspace/RWX/core/src/main/java/com/corrodinggames/rts/game/PlayerTeam.java:1525: error: cannot find symbol
                                      textureArr[i6].setPixel(i3, i2, Color.argb(iA2, Utility.distance((int) (iB + (iArr2[i6] * f)), 0, 255), Utility.distance((int) (iB + (iArr3[i6] * f)), 0, 255), Utility.distance((int) (iB + (iArr4[i6] * f)), 0, 255)));
                                                    ^
    symbol:   method setPixel(int,int,int)
    location: class Texture
  /data/workspace/RWX/core/src/main/java/com/corrodinggames/rts/game/PlayerTeam.java:1554: error: cannot find symbol
                                  textureArr[i4].setPixel(i3, i2, Color.argb(0, 0, 0, 0));
                                                ^
    symbol:   method setPixel(int,int,int)
    location: class Texture
  /data/workspace/RWX/core/src/main/java/com/corrodinggames/rts/game/PlayerTeam.java:1568: error: cannot find symbol
                                  textureArr[i5].setPixel(i3, i2, Color.argb(iA2, Utility.distance((int) (fMin + (iArr3[i5] * f)), 0, 255), Utility.distance((int) (fMin + (iArr4[i5] * f)), 0, 255), Utility.distance((int) (fMin + (iArr5[i5] * f)), 0, 255)));
                                                ^
    symbol:   method setPixel(int,int,int)
    location: class Texture
  /data/workspace/RWX/core/src/main/java/com/corrodinggames/rts/game/PlayerTeam.java:1604: error: cannot find symbol
                              textureArr[i4].setPixel(i2, i3, Color.argb(iA2, iDistance, iDistance2, iDistance3));
                                            ^
    symbol:   method setPixel(int,int,int)
    location: class Texture
  /data/workspace/RWX/core/src/main/java/com/corrodinggames/rts/game/units/BaseUnit.java:448: error: cannot find symbol
                  textureA.setPixel(i3, i4, Color.argb(Color.alpha(texture.getPixel(i3, i4)), 0, 0, 0));
                                                                          ^
    symbol:   method getPixel(int,int)
    location: variable texture of type Texture
  /data/workspace/RWX/core/src/main/java/com/corrodinggames/rts/game/units/BaseUnit.java:482: error: cannot find symbol
          cW.a(Paint.Style.STROKE);
            ^
    symbol:   method a(Style)
    location: variable cW of type Paint
  /data/workspace/RWX/core/src/main/java/com/corrodinggames/rts/game/units/BaseUnit.java:483: error: cannot find symbol
          cW.a(2.0f);
            ^
    symbol:   method a(float)
    location: variable cW of type Paint
  /data/workspace/RWX/core/src/main/java/com/corrodinggames/rts/game/units/BaseUnit.java:486: error: cannot find symbol
          cX.a(Paint.Style.STROKE);
            ^
    symbol:   method a(Style)
    location: variable cX of type Paint
  /data/workspace/RWX/core/src/main/java/com/corrodinggames/rts/game/units/BaseUnit.java:487: error: cannot find symbol
          cX.a(2.0f);
            ^
    symbol:   method a(float)
    location: variable cX of type Paint
  /data/workspace/RWX/core/src/main/java/com/corrodinggames/rts/game/units/BaseUnit.java:490: error: cannot find symbol
          cY.a(Paint.Style.STROKE);
            ^
    symbol:   method a(Style)
    location: variable cY of type Paint
  /data/workspace/RWX/core/src/main/java/com/corrodinggames/rts/game/units/BaseUnit.java:491: error: cannot find symbol
          cY.a(2.0f);
            ^
    symbol:   method a(float)
    location: variable cY of type Paint
  /data/workspace/RWX/core/src/main/java/com/corrodinggames/rts/game/units/BaseUnit.java:494: error: cannot find symbol
          cZ.a(Paint.Style.STROKE);
            ^
    symbol:   method a(Style)
    location: variable cZ of type Paint
  /data/workspace/RWX/core/src/main/java/com/corrodinggames/rts/game/units/BaseUnit.java:495: error: cannot find symbol
          cZ.a(2.0f);
            ^
    symbol:   method a(float)
    location: variable cZ of type Paint
  /data/workspace/RWX/core/src/main/java/com/corrodinggames/rts/game/units/BaseUnit.java:498: error: cannot find symbol
          dd.a(Paint.Style.STROKE);
            ^
    symbol:   method a(Style)
    location: variable dd of type Paint
  /data/workspace/RWX/core/src/main/java/com/corrodinggames/rts/game/units/BaseUnit.java:499: error: cannot find symbol
          dd.a(1.0f);
            ^
    symbol:   method a(float)
    location: variable dd of type Paint
  /data/workspace/RWX/core/src/main/java/com/corrodinggames/rts/game/units/BaseUnit.java:502: error: cannot find symbol
          da.a(Paint.Style.STROKE);
            ^
    symbol:   method a(Style)
    location: variable da of type Paint
  /data/workspace/RWX/core/src/main/java/com/corrodinggames/rts/game/units/BaseUnit.java:503: error: cannot find symbol
          da.a(2.0f);
            ^
    symbol:   method a(float)
    location: variable da of type Paint
  /data/workspace/RWX/core/src/main/java/com/corrodinggames/rts/game/units/BaseUnit.java:506: error: cannot find symbol
          de.a(Paint.Style.STROKE);
            ^
    symbol:   method a(Style)
    location: variable de of type Paint
  /data/workspace/RWX/core/src/main/java/com/corrodinggames/rts/game/units/BaseUnit.java:507: error: cannot find symbol
          de.a(1.0f);
            ^
    symbol:   method a(float)
    location: variable de of type Paint
  /data/workspace/RWX/core/src/main/java/com/corrodinggames/rts/game/units/BaseUnit.java:510: error: cannot find symbol
          dc.a(Paint.Style.STROKE);
            ^
    symbol:   method a(Style)
    location: variable dc of type Paint
  /data/workspace/RWX/core/src/main/java/com/corrodinggames/rts/game/units/BaseUnit.java:511: error: cannot find symbol
          dc.a(2.0f);
            ^
    symbol:   method a(float)
    location: variable dc of type Paint
  /data/workspace/RWX/core/src/main/java/com/corrodinggames/rts/game/units/BaseUnit.java:514: error: cannot find symbol
          df.a(Paint.Style.STROKE);
            ^
    symbol:   method a(Style)
    location: variable df of type Paint
  /data/workspace/RWX/core/src/main/java/com/corrodinggames/rts/game/units/BaseUnit.java:515: error: cannot find symbol
          df.a(1.0f);
            ^
    symbol:   method a(float)
    location: variable df of type Paint
  /data/workspace/RWX/core/src/main/java/com/corrodinggames/rts/game/units/BaseUnit.java:518: error: cannot find symbol
          db.a(Paint.Style.STROKE);
            ^
    symbol:   method a(Style)
    location: variable db of type Paint
  /data/workspace/RWX/core/src/main/java/com/corrodinggames/rts/game/units/BaseUnit.java:519: error: cannot find symbol
          db.a(2.0f);
            ^
    symbol:   method a(float)
    location: variable db of type Paint
  /data/workspace/RWX/core/src/main/java/com/corrodinggames/rts/game/units/BaseUnit.java:522: error: cannot find symbol
          dg.a(Paint.Style.STROKE);
            ^
    symbol:   method a(Style)
    location: variable dg of type Paint
  /data/workspace/RWX/core/src/main/java/com/corrodinggames/rts/game/units/BaseUnit.java:523: error: cannot find symbol
          dg.a(1.0f);
            ^
    symbol:   method a(float)
    location: variable dg of type Paint
  /data/workspace/RWX/core/src/main/java/com/corrodinggames/rts/game/units/BaseUnit.java:526: error: cannot find symbol
          dh.a(Paint.Style.STROKE);
            ^
    symbol:   method a(Style)
    location: variable dh of type Paint
  /data/workspace/RWX/core/src/main/java/com/corrodinggames/rts/game/units/BaseUnit.java:527: error: cannot find symbol
          dh.a(2.0f);
            ^
    symbol:   method a(float)
    location: variable dh of type Paint
  /data/workspace/RWX/core/src/main/java/com/corrodinggames/rts/game/units/BaseUnit.java:530: error: cannot find symbol
          di.a(Paint.Style.STROKE);
            ^
    symbol:   method a(Style)
    location: variable di of type Paint
  /data/workspace/RWX/core/src/main/java/com/corrodinggames/rts/game/units/BaseUnit.java:531: error: cannot find symbol
          di.a(1.0f);
            ^
    symbol:   method a(float)
    location: variable di of type Paint
  /data/workspace/RWX/core/src/main/java/com/corrodinggames/rts/game/units/BaseUnit.java:533: error: cannot find symbol
          dj.a(Paint.Style.STROKE);
            ^
    symbol:   method a(Style)
    location: variable dj of type Paint
  /data/workspace/RWX/core/src/main/java/com/corrodinggames/rts/game/units/BaseUnit.java:534: error: cannot find symbol
          dk.a(Paint.Style.STROKE);
            ^
    symbol:   method a(Style)
    location: variable dk of type Paint
  /data/workspace/RWX/core/src/main/java/com/corrodinggames/rts/game/units/BaseUnit.java:990: error: cannot find symbol
              paint.a(0.0f);
                   ^
    symbol:   method a(float)
    location: variable paint of type Paint
  /data/workspace/RWX/core/src/main/java/com/corrodinggames/rts/game/units/BaseUnit.java:1120: error: cannot find symbol
                      dr.setARGB(f4 - f3, f5 + f6, (f4 - f3) + (f7 * x()), f5 + f6 + i2);
                        ^
    symbol:   method setARGB(float,float,float,float)
    location: variable dr of type RectF
  /data/workspace/RWX/core/src/main/java/com/corrodinggames/rts/game/units/BaseUnit.java:1122: error: cannot find symbol
                      dr.setARGB(f4 - f3, f5 + f6, (f4 - f3) + f7, f5 + f6 + i2);
                        ^
    symbol:   method setARGB(float,float,float,float)
    location: variable dr of type RectF
  /data/workspace/RWX/core/src/main/java/com/corrodinggames/rts/game/units/BaseUnit.java:1134: error: cannot find symbol
                          dr.setARGB((f4 - f3) + (f7 * fX), f5 + f6, (f4 - f3) + (f7 * f9), f5 + f6 + i2);
                            ^
    symbol:   method setARGB(float,float,float,float)
    location: variable dr of type RectF
  /data/workspace/RWX/core/src/main/java/com/corrodinggames/rts/game/units/BaseUnit.java:1150: error: cannot find symbol
                      dr.setARGB(f14, f5 + f6 + 3.0f, f14 + f13, f5 + f6 + 3.0f + 3.0f);
                        ^
    symbol:   method setARGB(float,float,float,float)
    location: variable dr of type RectF
  /data/workspace/RWX/core/src/main/java/com/corrodinggames/rts/game/units/BaseUnit.java:1162: error: cannot find symbol
              dr.setARGB(f4 - f3, f5 + f6 + i4 + f8, (f4 - f3) + (f7 * getUnitTeamData()), f5 + f6 + i4 + 2 + f8);
                ^
    symbol:   method setARGB(float,float,float,float)
    location: variable dr of type RectF
  /data/workspace/RWX/core/src/main/java/com/corrodinggames/rts/game/units/BaseUnit.java:1169: error: cannot find symbol
              dr.setARGB(f4 - f3, f5 + f6 + i4 + f8, (f4 - f3) + f7, f5 + f6 + i4 + 2 + f8);
                ^
    symbol:   method setARGB(float,float,float,float)
    location: variable dr of type RectF
  /data/workspace/RWX/core/src/main/java/com/corrodinggames/rts/game/units/BaseUnit.java:1181: error: cannot find symbol
              dr.setARGB(f4 - f3, f5 + f6 + i5 + f8, (f4 - f3) + (f7 * bV()), f5 + f6 + i5 + i + f8);
                ^
    symbol:   method setARGB(float,float,float,float)
    location: variable dr of type RectF
  /data/workspace/RWX/core/src/main/java/com/corrodinggames/rts/game/units/BaseUnit.java:1183: error: cannot find symbol
              dr.setARGB(f4 - f3, f5 + f6 + i5 + f8, (f4 - f3) + f7, f5 + f6 + i5 + i + f8);
                ^
    symbol:   method setARGB(float,float,float,float)
    location: variable dr of type RectF
  /data/workspace/RWX/core/src/main/java/com/corrodinggames/rts/game/units/BaseUnit.java:1230: error: cannot find symbol
                          ds.a(2.0f);
                            ^
    symbol:   method a(float)
    location: variable ds of type Paint
  /data/workspace/RWX/core/src/main/java/com/corrodinggames/rts/game/units/BaseUnit.java:1232: error: cannot find symbol
                          ds.a(0.0f);
                            ^
    symbol:   method a(float)
    location: variable ds of type Paint
  /data/workspace/RWX/core/src/main/java/com/corrodinggames/rts/game/units/BaseUnit.java:1271: error: cannot find symbol
                          dr.setARGB(fFastCos - 1.0f, fFastSin - 1.0f, fFastCos + 1.0f, fFastSin + 1.0f);
                            ^
    symbol:   method setARGB(float,float,float,float)
    location: variable dr of type RectF
  /data/workspace/RWX/core/src/main/java/com/corrodinggames/rts/game/units/BaseUnit.java:1272: error: cannot find symbol
                          dr.a(-gameEngine.viewpointXSnapped, -gameEngine.viewpointYSnapped);
                            ^
    symbol:   method a(float,float)
    location: variable dr of type RectF
  /data/workspace/RWX/core/src/main/java/com/corrodinggames/rts/game/units/BaseUnit.java:1315: error: cannot find symbol
                      cW.b(PlayerTeam.i(this.team.teamColorId));
                        ^
    symbol:   method b(int)
    location: variable cW of type Paint
  /data/workspace/RWX/core/src/main/java/com/corrodinggames/rts/game/units/BaseUnit.java:1329: error: cannot find symbol
                          dr.a(unitAIUpdateTime);
                            ^
    symbol:   method a(Rect)
    location: variable dr of type RectF
  /data/workspace/RWX/core/src/main/java/com/corrodinggames/rts/game/units/BaseUnit.java:1335: error: cannot find symbol
                          dr.a(-(getUnitAIState() - gameEngine.tileMap.halfTileWorldSizeX), -(getUnitAIPathfindStatus() - gameEngine.tileMap.halfTileWorldSizeY));
                            ^
    symbol:   method a(float,float)
    location: variable dr of type RectF
  /data/workspace/RWX/core/src/main/java/com/corrodinggames/rts/game/units/BaseUnit.java:1337: error: cannot find symbol
                          dr.a(f2, f3);
                            ^
    symbol:   method a(float,float)
    location: variable dr of type RectF
  /data/workspace/RWX/core/src/main/java/com/corrodinggames/rts/game/units/BaseUnit.java:1405: error: cannot find symbol
          if (!gameEngine.cameraFollowSpeed.b(this.posX, this.posY) || this.unitTransportTarget != null) {
                                           ^
    symbol:   method b(float,float)
    location: variable cameraFollowSpeed of type RectF
  /data/workspace/RWX/core/src/main/java/com/corrodinggames/rts/game/units/BaseUnit.java:2017: error: cannot find symbol
          dA.a((this.posX - (this.eu * maxHealth)) - gameEngine.viewpointXSnapped, (this.posY - (this.ev * maxHealth)) - gameEngine.viewpointYSnapped, (this.posX + (this.eu * maxHealth)) - gameEngine.viewpointXSnapped, (this.posY + (this.ev * maxHealth)) - gameEngine.viewpointYSnapped);
            ^
    symbol:   method a(float,float,float,float)
    location: variable dA of type RectF
  /data/workspace/RWX/core/src/main/java/com/corrodinggames/rts/game/units/BaseUnit.java:2051: error: cannot find symbol
          dC.a(i2, 0, i2 + this.es, 0 + this.et);
            ^
    symbol:   method a(int,int,int,int)
    location: variable dC of type Rect
  100 errors

* Try:
> Check your code and dependencies to fix the compilation error(s)
> Run with --scan to get full insights from a Build Scan (powered by Develocity).

Deprecated Gradle features were used in this build, making it incompatible with Gradle 10.

You can use '--warning-mode all' to show the individual deprecation warnings and determine if they come from your own scripts or plugins.

For more on this, please refer to https://docs.gradle.org/9.4.0/userguide/command_line_interface.html#sec:command_line_warnings in the Gradle documentation.

BUILD FAILED in 1s
3 actionable tasks: 2 executed, 1 up-to-date
